Γû▓ Next.js 16.1.6 (Turbopack)

  Creating an optimized production build ...
node.exe : 
At line:1 char:1
+ & "C:\Program Files\nodejs/node.exe" "C:\Users\mech-\AppData\Roaming\ ...
+ ~~~~~~~~~~~~~~~~~~~~~~~~~~~~~~~~~~~~~~~~~~~~~~~~~~~~~~~~~~~~~~~~~~~~~
    + CategoryInfo          : NotSpecified: (:String) [], RemoteException
    + FullyQualifiedErrorId : NativeCommandError
 
> Build error occurred
Error: Turbopack build failed with 1 errors:
./src/app/globals.css
Error evaluating Node.js code
CssSyntaxError: D:\internship\ai-movie-insight-builder\src\app\globals.css:85:9: 
Unknown word  b a c k g r o u n d 
    at Input.error (node_modules/postcss/lib/input.js:135:16) [D:\internship\ai-m
ovie-insight-builder\.next\build\chunks\node_modules_fe693df6._.js:4651:22]
    at Parser.unknownWord (node_modules/postcss/lib/parser.js:595:22) [D:\interns
hip\ai-movie-insight-builder\.next\build\chunks\node_modules_fe693df6._.js:5835:2
6]
    at Parser.decl (node_modules/postcss/lib/parser.js:236:16) [D:\internship\ai-
movie-insight-builder\.next\build\chunks\node_modules_fe693df6._.js:5518:26]
    at Parser.other (node_modules/postcss/lib/parser.js:401:18) [D:\internship\ai
-movie-insight-builder\.next\build\chunks\node_modules_fe693df6._.js:5664:30]
    at Parser.parse (node_modules/postcss/lib/parser.js:472:16) [D:\internship\ai
-movie-insight-builder\.next\build\chunks\node_modules_fe693df6._.js:5724:26]
    at parse (node_modules/postcss/lib/parse.js:11:12) [D:\internship\ai-movie-in
sight-builder\.next\build\chunks\node_modules_fe693df6._.js:5861:16]
    at new LazyResult (node_modules/postcss/lib/lazy-result.js:165:16) [D:\intern
ship\ai-movie-insight-builder\.next\build\chunks\node_modules_fe693df6._.js:6113:
24]
    at Processor.process (node_modules/postcss/lib/processor.js:53:14) [D:\intern
ship\ai-movie-insight-builder\.next\build\chunks\node_modules_fe693df6._.js:6579:
20]
    at transform (turbopack:///[turbopack-node]/transforms/postcss.ts:70:51) [D:\
internship\ai-movie-insight-builder\.next\build\chunks\[root-of-the-server]__5122
5daf._.js:146:52]
    at run (turbopack:///[turbopack-node]/ipc/evaluate.ts:92:29) [D:\internship\a
i-movie-insight-builder\.next\build\chunks\[root-of-the-server]__974941ed._.js:44
3:37]

Import trace:
  Client Component Browser:
    ./src/app/globals.css [Client Component Browser]
    ./src/app/layout.tsx [Server Component]


    at transform (turbopack:///[turbopack-node]/transforms/postcss.ts:70:51) [D:\
internship\ai-movie-insight-builder\.next\build\chunks\[root-of-the-server]__5122
5daf._.js:146:52])
    at run (turbopack:///[turbopack-node]/ipc/evaluate.ts:92:29) [D:\internship\a
i-movie-insight-builder\.next\build\chunks\[root-of-the-server]__974941ed._.js:44
3:37])
